=== 7-way H2H watcher started Sun Apr 26 03:24:49 UTC 2026 ===
waiting for all 4 new-variant snapshots @ ep=10000000...
all 4 new-variant snapshots present at ep=10000000 (Sun Apr 26 04:38:50 UTC 2026)
[ep=10000000] baseline vs neutral: baseline_10000000 avg chips vs neutral_10000000: +68.24 ± 13.97   (+682.4 ± 139.7 mbb/g)   [32s]
[ep=10000000] baseline vs mv05_legacy: baseline_10000000 avg chips vs mv05_legacy_10000000: +78.97 ± 14.05   (+789.7 ± 140.5 mbb/g)   [35s]
[ep=10000000] baseline vs mv_t_std_05: baseline_10000000 avg chips vs mv_t_std_05_10000000: +63.80 ± 14.34   (+638.0 ± 143.4 mbb/g)   [32s]
[ep=10000000] baseline vs mv_t_std_10: baseline_10000000 avg chips vs mv_t_std_10_10000000: +41.52 ± 12.36   (+415.2 ± 123.6 mbb/g)   [27s]
[ep=10000000] baseline vs mv_t_std_20: baseline_10000000 avg chips vs mv_t_std_20_10000000: +79.58 ± 11.52   (+795.8 ± 115.2 mbb/g)   [28s]
[ep=10000000] baseline vs mv_t_std_full: baseline_10000000 avg chips vs mv_t_std_full_10000000: +159.84 ± 9.13   (+1598.4 ± 91.3 mbb/g)   [27s]
[ep=10000000] neutral vs mv05_legacy: neutral_10000000 avg chips vs mv05_legacy_10000000: -4.29 ± 15.55   (-42.9 ± 155.5 mbb/g)   [37s]
[ep=10000000] neutral vs mv_t_std_05: neutral_10000000 avg chips vs mv_t_std_05_10000000: -9.18 ± 16.51   (-91.8 ± 165.1 mbb/g)   [35s]
[ep=10000000] neutral vs mv_t_std_10: neutral_10000000 avg chips vs mv_t_std_10_10000000: +7.33 ± 13.02   (+73.3 ± 130.2 mbb/g)   [29s]
[ep=10000000] neutral vs mv_t_std_20: neutral_10000000 avg chips vs mv_t_std_20_10000000: +18.84 ± 12.53   (+188.4 ± 125.3 mbb/g)   [35s]
[ep=10000000] neutral vs mv_t_std_full: neutral_10000000 avg chips vs mv_t_std_full_10000000: +197.69 ± 9.71   (+1976.9 ± 97.1 mbb/g)   [25s]
[ep=10000000] mv05_legacy vs mv_t_std_05: mv05_legacy_10000000 avg chips vs mv_t_std_05_10000000: -25.89 ± 16.45   (-258.9 ± 164.5 mbb/g)   [35s]
[ep=10000000] mv05_legacy vs mv_t_std_10: mv05_legacy_10000000 avg chips vs mv_t_std_10_10000000: +18.16 ± 13.28   (+181.6 ± 132.8 mbb/g)   [37s]
[ep=10000000] mv05_legacy vs mv_t_std_20: mv05_legacy_10000000 avg chips vs mv_t_std_20_10000000: +49.26 ± 12.57   (+492.6 ± 125.7 mbb/g)   [32s]
[ep=10000000] mv05_legacy vs mv_t_std_full: mv05_legacy_10000000 avg chips vs mv_t_std_full_10000000: +221.97 ± 10.54   (+2219.7 ± 105.4 mbb/g)   [27s]
[ep=10000000] mv_t_std_05 vs mv_t_std_10: mv_t_std_05_10000000 avg chips vs mv_t_std_10_10000000: +26.93 ± 13.97   (+269.3 ± 139.7 mbb/g)   [31s]
[ep=10000000] mv_t_std_05 vs mv_t_std_20: mv_t_std_05_10000000 avg chips vs mv_t_std_20_10000000: +55.01 ± 13.05   (+550.1 ± 130.5 mbb/g)   [30s]
[ep=10000000] mv_t_std_05 vs mv_t_std_full: mv_t_std_05_10000000 avg chips vs mv_t_std_full_10000000: +261.38 ± 10.77   (+2613.8 ± 107.7 mbb/g)   [28s]
[ep=10000000] mv_t_std_10 vs mv_t_std_20: mv_t_std_10_10000000 avg chips vs mv_t_std_20_10000000: +20.38 ± 10.77   (+203.8 ± 107.7 mbb/g)   [31s]
[ep=10000000] mv_t_std_10 vs mv_t_std_full: mv_t_std_10_10000000 avg chips vs mv_t_std_full_10000000: +169.13 ± 10.63   (+1691.3 ± 106.3 mbb/g)   [29s]
[ep=10000000] mv_t_std_20 vs mv_t_std_full: mv_t_std_20_10000000 avg chips vs mv_t_std_full_10000000: +151.81 ± 9.56   (+1518.1 ± 95.6 mbb/g)   [28s]
waiting for all 4 new-variant snapshots @ ep=20000000...
all 4 new-variant snapshots present at ep=20000000 (Sun Apr 26 05:52:35 UTC 2026)
[ep=20000000] baseline vs neutral: baseline_20000000 avg chips vs neutral_20000000: +64.32 ± 13.48   (+643.2 ± 134.8 mbb/g)   [34s]
[ep=20000000] baseline vs mv05_legacy: baseline_20000000 avg chips vs mv05_legacy_20000000: +63.54 ± 12.93   (+635.4 ± 129.3 mbb/g)   [29s]
[ep=20000000] baseline vs mv_t_std_05: baseline_20000000 avg chips vs mv_t_std_05_20000000: +84.79 ± 14.14   (+847.9 ± 141.4 mbb/g)   [29s]
[ep=20000000] baseline vs mv_t_std_10: baseline_20000000 avg chips vs mv_t_std_10_20000000: +58.15 ± 10.94   (+581.5 ± 109.4 mbb/g)   [27s]
[ep=20000000] baseline vs mv_t_std_20: baseline_20000000 avg chips vs mv_t_std_20_20000000: +91.22 ± 9.03   (+912.2 ± 90.3 mbb/g)   [24s]
[ep=20000000] baseline vs mv_t_std_full: baseline_20000000 avg chips vs mv_t_std_full_20000000: +152.74 ± 7.71   (+1527.4 ± 77.1 mbb/g)   [23s]
[ep=20000000] neutral vs mv05_legacy: neutral_20000000 avg chips vs mv05_legacy_20000000: +21.67 ± 15.09   (+216.7 ± 150.9 mbb/g)   [39s]
[ep=20000000] neutral vs mv_t_std_05: neutral_20000000 avg chips vs mv_t_std_05_20000000: +26.75 ± 17.03   (+267.5 ± 170.3 mbb/g)   [37s]
[ep=20000000] neutral vs mv_t_std_10: neutral_20000000 avg chips vs mv_t_std_10_20000000: +62.09 ± 12.09   (+620.9 ± 120.9 mbb/g)   [33s]
[ep=20000000] neutral vs mv_t_std_20: neutral_20000000 avg chips vs mv_t_std_20_20000000: +71.03 ± 10.49   (+710.3 ± 104.9 mbb/g)   [28s]
[ep=20000000] neutral vs mv_t_std_full: neutral_20000000 avg chips vs mv_t_std_full_20000000: +199.39 ± 8.62   (+1993.9 ± 86.2 mbb/g)   [24s]
[ep=20000000] mv05_legacy vs mv_t_std_05: mv05_legacy_20000000 avg chips vs mv_t_std_05_20000000: +9.19 ± 15.55   (+91.9 ± 155.5 mbb/g)   [33s]
[ep=20000000] mv05_legacy vs mv_t_std_10: mv05_legacy_20000000 avg chips vs mv_t_std_10_20000000: +46.91 ± 11.70   (+469.1 ± 117.0 mbb/g)   [31s]
[ep=20000000] mv05_legacy vs mv_t_std_20: mv05_legacy_20000000 avg chips vs mv_t_std_20_20000000: +70.46 ± 9.74   (+704.6 ± 97.4 mbb/g)   [25s]
[ep=20000000] mv05_legacy vs mv_t_std_full: mv05_legacy_20000000 avg chips vs mv_t_std_full_20000000: +185.31 ± 8.71   (+1853.1 ± 87.1 mbb/g)   [26s]
[ep=20000000] mv_t_std_05 vs mv_t_std_10: mv_t_std_05_20000000 avg chips vs mv_t_std_10_20000000: +58.19 ± 12.64   (+581.9 ± 126.4 mbb/g)   [30s]
[ep=20000000] mv_t_std_05 vs mv_t_std_20: mv_t_std_05_20000000 avg chips vs mv_t_std_20_20000000: +85.50 ± 11.03   (+855.0 ± 110.3 mbb/g)   [30s]
[ep=20000000] mv_t_std_05 vs mv_t_std_full: mv_t_std_05_20000000 avg chips vs mv_t_std_full_20000000: +253.08 ± 9.37   (+2530.8 ± 93.7 mbb/g)   [26s]
[ep=20000000] mv_t_std_10 vs mv_t_std_20: mv_t_std_10_20000000 avg chips vs mv_t_std_20_20000000: +49.26 ± 7.88   (+492.6 ± 78.8 mbb/g)   [19s]
[ep=20000000] mv_t_std_10 vs mv_t_std_full: mv_t_std_10_20000000 avg chips vs mv_t_std_full_20000000: +77.38 ± 8.16   (+773.8 ± 81.6 mbb/g)   [24s]
[ep=20000000] mv_t_std_20 vs mv_t_std_full: mv_t_std_20_20000000 avg chips vs mv_t_std_full_20000000: -0.64 ± 7.00   (-6.4 ± 70.0 mbb/g)   [18s]
waiting for all 4 new-variant snapshots @ ep=30000000...
all 4 new-variant snapshots present at ep=30000000 (Sun Apr 26 07:09:19 UTC 2026)
[ep=30000000] baseline vs neutral: baseline_30000000 avg chips vs neutral_30000000: +83.61 ± 12.99   (+836.1 ± 129.9 mbb/g)   [33s]
[ep=30000000] baseline vs mv05_legacy: baseline_30000000 avg chips vs mv05_legacy_30000000: +53.33 ± 13.29   (+533.3 ± 132.9 mbb/g)   [32s]
[ep=30000000] baseline vs mv_t_std_05: baseline_30000000 avg chips vs mv_t_std_05_30000000: +81.77 ± 13.24   (+817.7 ± 132.4 mbb/g)   [29s]
[ep=30000000] baseline vs mv_t_std_10: baseline_30000000 avg chips vs mv_t_std_10_30000000: +88.10 ± 10.24   (+881.0 ± 102.4 mbb/g)   [30s]
[ep=30000000] baseline vs mv_t_std_20: baseline_30000000 avg chips vs mv_t_std_20_30000000: +87.40 ± 7.81   (+874.0 ± 78.1 mbb/g)   [18s]
[ep=30000000] baseline vs mv_t_std_full: baseline_30000000 avg chips vs mv_t_std_full_30000000: +118.01 ± 6.41   (+1180.1 ± 64.1 mbb/g)   [19s]
[ep=30000000] neutral vs mv05_legacy: neutral_30000000 avg chips vs mv05_legacy_30000000: -4.88 ± 15.44   (-48.8 ± 154.4 mbb/g)   [37s]
[ep=30000000] neutral vs mv_t_std_05: neutral_30000000 avg chips vs mv_t_std_05_30000000: +24.28 ± 15.61   (+242.8 ± 156.1 mbb/g)   [35s]
[ep=30000000] neutral vs mv_t_std_10: neutral_30000000 avg chips vs mv_t_std_10_30000000: +40.38 ± 11.50   (+403.8 ± 115.0 mbb/g)   [33s]
[ep=30000000] neutral vs mv_t_std_20: neutral_30000000 avg chips vs mv_t_std_20_30000000: +72.14 ± 9.23   (+721.4 ± 92.3 mbb/g)   [24s]
[ep=30000000] neutral vs mv_t_std_full: neutral_30000000 avg chips vs mv_t_std_full_30000000: +168.62 ± 7.50   (+1686.2 ± 75.0 mbb/g)   [22s]
[ep=30000000] mv05_legacy vs mv_t_std_05: mv05_legacy_30000000 avg chips vs mv_t_std_05_30000000: +15.55 ± 15.85   (+155.5 ± 158.5 mbb/g)   [37s]
[ep=30000000] mv05_legacy vs mv_t_std_10: mv05_legacy_30000000 avg chips vs mv_t_std_10_30000000: +37.93 ± 11.83   (+379.3 ± 118.3 mbb/g)   [31s]
[ep=30000000] mv05_legacy vs mv_t_std_20: mv05_legacy_30000000 avg chips vs mv_t_std_20_30000000: +71.93 ± 8.79   (+719.3 ± 87.9 mbb/g)   [21s]
[ep=30000000] mv05_legacy vs mv_t_std_full: mv05_legacy_30000000 avg chips vs mv_t_std_full_30000000: +186.79 ± 7.12   (+1867.9 ± 71.2 mbb/g)   [20s]
[ep=30000000] mv_t_std_05 vs mv_t_std_10: mv_t_std_05_30000000 avg chips vs mv_t_std_10_30000000: +61.13 ± 11.14   (+611.3 ± 111.4 mbb/g)   [29s]
[ep=30000000] mv_t_std_05 vs mv_t_std_20: mv_t_std_05_30000000 avg chips vs mv_t_std_20_30000000: +69.18 ± 9.07   (+691.8 ± 90.7 mbb/g)   [24s]
[ep=30000000] mv_t_std_05 vs mv_t_std_full: mv_t_std_05_30000000 avg chips vs mv_t_std_full_30000000: +178.74 ± 7.70   (+1787.4 ± 77.0 mbb/g)   [19s]
[ep=30000000] mv_t_std_10 vs mv_t_std_20: mv_t_std_10_30000000 avg chips vs mv_t_std_20_30000000: +62.94 ± 6.13   (+629.4 ± 61.3 mbb/g)   [18s]
[ep=30000000] mv_t_std_10 vs mv_t_std_full: mv_t_std_10_30000000 avg chips vs mv_t_std_full_30000000: +63.45 ± 6.40   (+634.5 ± 64.0 mbb/g)   [15s]
[ep=30000000] mv_t_std_20 vs mv_t_std_full: mv_t_std_20_30000000 avg chips vs mv_t_std_full_30000000: -6.80 ± 5.11   (-68.0 ± 51.1 mbb/g)   [13s]
waiting for all 4 new-variant snapshots @ ep=40000000...
all 4 new-variant snapshots present at ep=40000000 (Sun Apr 26 08:24:13 UTC 2026)
[ep=40000000] baseline vs neutral: baseline_40000000 avg chips vs neutral_40000000: +75.22 ± 12.69   (+752.2 ± 126.9 mbb/g)   [26s]
[ep=40000000] baseline vs mv05_legacy: baseline_40000000 avg chips vs mv05_legacy_40000000: +77.51 ± 12.91   (+775.1 ± 129.1 mbb/g)   [29s]
[ep=40000000] baseline vs mv_t_std_05: baseline_40000000 avg chips vs mv_t_std_05_40000000: +90.18 ± 13.08   (+901.8 ± 130.8 mbb/g)   [24s]
[ep=40000000] baseline vs mv_t_std_10: baseline_40000000 avg chips vs mv_t_std_10_40000000: +87.10 ± 9.88   (+871.0 ± 98.8 mbb/g)   [21s]
[ep=40000000] baseline vs mv_t_std_20: baseline_40000000 avg chips vs mv_t_std_20_40000000: +89.59 ± 6.92   (+895.9 ± 69.2 mbb/g)   [15s]
[ep=40000000] baseline vs mv_t_std_full: baseline_40000000 avg chips vs mv_t_std_full_40000000: +127.34 ± 6.19   (+1273.4 ± 61.9 mbb/g)   [15s]
[ep=40000000] neutral vs mv05_legacy: neutral_40000000 avg chips vs mv05_legacy_40000000: +3.88 ± 14.48   (+38.8 ± 144.8 mbb/g)   [27s]
[ep=40000000] neutral vs mv_t_std_05: neutral_40000000 avg chips vs mv_t_std_05_40000000: +54.79 ± 14.99   (+547.9 ± 149.9 mbb/g)   [28s]
[ep=40000000] neutral vs mv_t_std_10: neutral_40000000 avg chips vs mv_t_std_10_40000000: +36.03 ± 11.24   (+360.3 ± 112.4 mbb/g)   [23s]
[ep=40000000] neutral vs mv_t_std_20: neutral_40000000 avg chips vs mv_t_std_20_40000000: +68.21 ± 8.69   (+682.1 ± 86.9 mbb/g)   [20s]
[ep=40000000] neutral vs mv_t_std_full: neutral_40000000 avg chips vs mv_t_std_full_40000000: +147.66 ± 7.29   (+1476.6 ± 72.9 mbb/g)   [19s]
[ep=40000000] mv05_legacy vs mv_t_std_05: mv05_legacy_40000000 avg chips vs mv_t_std_05_40000000: +14.39 ± 14.98   (+143.9 ± 149.8 mbb/g)   [25s]
[ep=40000000] mv05_legacy vs mv_t_std_10: mv05_legacy_40000000 avg chips vs mv_t_std_10_40000000: +31.13 ± 10.81   (+311.3 ± 108.1 mbb/g)   [23s]
[ep=40000000] mv05_legacy vs mv_t_std_20: mv05_legacy_40000000 avg chips vs mv_t_std_20_40000000: +68.79 ± 7.93   (+687.9 ± 79.3 mbb/g)   [16s]
[ep=40000000] mv05_legacy vs mv_t_std_full: mv05_legacy_40000000 avg chips vs mv_t_std_full_40000000: +153.10 ± 6.68   (+1531.0 ± 66.8 mbb/g)   [14s]
[ep=40000000] mv_t_std_05 vs mv_t_std_10: mv_t_std_05_40000000 avg chips vs mv_t_std_10_40000000: +33.08 ± 10.31   (+330.8 ± 103.1 mbb/g)   [20s]
[ep=40000000] mv_t_std_05 vs mv_t_std_20: mv_t_std_05_40000000 avg chips vs mv_t_std_20_40000000: +59.14 ± 8.41   (+591.4 ± 84.1 mbb/g)   [14s]
[ep=40000000] mv_t_std_05 vs mv_t_std_full: mv_t_std_05_40000000 avg chips vs mv_t_std_full_40000000: +157.16 ± 7.34   (+1571.6 ± 73.4 mbb/g)   [17s]
[ep=40000000] mv_t_std_10 vs mv_t_std_20: mv_t_std_10_40000000 avg chips vs mv_t_std_20_40000000: +74.26 ± 5.31   (+742.6 ± 53.1 mbb/g)   [8s]
[ep=40000000] mv_t_std_10 vs mv_t_std_full: mv_t_std_10_40000000 avg chips vs mv_t_std_full_40000000: +48.23 ± 5.55   (+482.3 ± 55.5 mbb/g)   [9s]
[ep=40000000] mv_t_std_20 vs mv_t_std_full: mv_t_std_20_40000000 avg chips vs mv_t_std_full_40000000: -16.34 ± 4.46   (-163.4 ± 44.6 mbb/g)   [6s]
waiting for all 4 new-variant snapshots @ ep=50000000...
all 4 new-variant snapshots present at ep=50000000 (Sun Apr 26 09:10:01 UTC 2026)
[ep=50000000] baseline vs neutral: baseline_50000000 avg chips vs neutral_50000000: +63.36 ± 12.29   (+633.6 ± 122.9 mbb/g)   [14s]
[ep=50000000] baseline vs mv05_legacy: baseline_50000000 avg chips vs mv05_legacy_50000000: +57.43 ± 12.40   (+574.3 ± 124.0 mbb/g)   [14s]
[ep=50000000] baseline vs mv_t_std_05: baseline_50000000 avg chips vs mv_t_std_05_50000000: +90.52 ± 12.48   (+905.2 ± 124.8 mbb/g)   [13s]
[ep=50000000] baseline vs mv_t_std_10: baseline_50000000 avg chips vs mv_t_std_10_50000000: +91.03 ± 9.61   (+910.3 ± 96.1 mbb/g)   [11s]
[ep=50000000] baseline vs mv_t_std_20: baseline_50000000 avg chips vs mv_t_std_20_50000000: +89.23 ± 6.32   (+892.3 ± 63.2 mbb/g)   [7s]
[ep=50000000] baseline vs mv_t_std_full: baseline_50000000 avg chips vs mv_t_std_full_50000000: +114.91 ± 6.56   (+1149.1 ± 65.6 mbb/g)   [8s]
[ep=50000000] neutral vs mv05_legacy: neutral_50000000 avg chips vs mv05_legacy_50000000: +2.04 ± 14.06   (+20.4 ± 140.6 mbb/g)   [14s]
[ep=50000000] neutral vs mv_t_std_05: neutral_50000000 avg chips vs mv_t_std_05_50000000: +16.64 ± 14.89   (+166.4 ± 148.9 mbb/g)   [15s]
[ep=50000000] neutral vs mv_t_std_10: neutral_50000000 avg chips vs mv_t_std_10_50000000: +26.96 ± 11.06   (+269.6 ± 110.6 mbb/g)   [13s]
[ep=50000000] neutral vs mv_t_std_20: neutral_50000000 avg chips vs mv_t_std_20_50000000: +52.61 ± 8.22   (+526.1 ± 82.2 mbb/g)   [10s]
[ep=50000000] neutral vs mv_t_std_full: neutral_50000000 avg chips vs mv_t_std_full_50000000: +137.09 ± 7.59   (+1370.9 ± 75.9 mbb/g)   [9s]
[ep=50000000] mv05_legacy vs mv_t_std_05: mv05_legacy_50000000 avg chips vs mv_t_std_05_50000000: -3.07 ± 14.20   (-30.7 ± 142.0 mbb/g)   [14s]
[ep=50000000] mv05_legacy vs mv_t_std_10: mv05_legacy_50000000 avg chips vs mv_t_std_10_50000000: +39.12 ± 10.53   (+391.2 ± 105.3 mbb/g)   [12s]
[ep=50000000] mv05_legacy vs mv_t_std_20: mv05_legacy_50000000 avg chips vs mv_t_std_20_50000000: +62.93 ± 7.52   (+629.3 ± 75.2 mbb/g)   [9s]
[ep=50000000] mv05_legacy vs mv_t_std_full: mv05_legacy_50000000 avg chips vs mv_t_std_full_50000000: +132.69 ± 7.16   (+1326.9 ± 71.6 mbb/g)   [9s]
[ep=50000000] mv_t_std_05 vs mv_t_std_10: mv_t_std_05_50000000 avg chips vs mv_t_std_10_50000000: +36.87 ± 9.76   (+368.7 ± 97.6 mbb/g)   [12s]
[ep=50000000] mv_t_std_05 vs mv_t_std_20: mv_t_std_05_50000000 avg chips vs mv_t_std_20_50000000: +61.72 ± 8.54   (+617.2 ± 85.4 mbb/g)   [9s]
[ep=50000000] mv_t_std_05 vs mv_t_std_full: mv_t_std_05_50000000 avg chips vs mv_t_std_full_50000000: +138.55 ± 7.60   (+1385.5 ± 76.0 mbb/g)   [9s]
[ep=50000000] mv_t_std_10 vs mv_t_std_20: mv_t_std_10_50000000 avg chips vs mv_t_std_20_50000000: +69.31 ± 5.01   (+693.1 ± 50.1 mbb/g)   [6s]
[ep=50000000] mv_t_std_10 vs mv_t_std_full: mv_t_std_10_50000000 avg chips vs mv_t_std_full_50000000: +41.13 ± 5.52   (+411.3 ± 55.2 mbb/g)   [7s]
[ep=50000000] mv_t_std_20 vs mv_t_std_full: mv_t_std_20_50000000 avg chips vs mv_t_std_full_50000000: -30.82 ± 4.05   (-308.2 ± 40.5 mbb/g)   [5s]
=== 7-way H2H watcher finished Sun Apr 26 09:14:13 UTC 2026 ===
